// Jest Snapshot v1, https://goo.gl/fbAQLP

exports[`Counter component should correspond to their snapshot 1`] = `
<section
  className="counter"
>
  Posts: 
  3
</section>
`;
